[W][23:08:20.569568] pw.conf      | [          conf.c: 1182 try_load_conf()] can't load config client.conf: No such file or directory
[E][23:08:20.571326] pw.conf      | [          conf.c: 1215 pw_conf_load_conf_for_context()] can't load config client.conf: No such file or directory
[W][23:08:20.579979] pw.conf      | [          conf.c: 1182 try_load_conf()] can't load config client.conf: No such file or directory
[E][23:08:20.580245] pw.conf      | [          conf.c: 1215 pw_conf_load_conf_for_context()] can't load config client.conf: No such file or directory
ALSA lib confmisc.c:855:(parse_card) cannot find card '0'
ALSA lib conf.c:5205:(_snd_config_evaluate) function snd_func_card_inum returned error: No such file or directory
ALSA lib confmisc.c:422:(snd_func_concat) error evaluating strings
ALSA lib conf.c:5205:(_snd_config_evaluate) function snd_func_concat returned error: No such file or directory
ALSA lib confmisc.c:1342:(snd_func_refer) error evaluating name
ALSA lib conf.c:5205:(_snd_config_evaluate) function snd_func_refer returned error: No such file or directory
ALSA lib conf.c:5728:(snd_config_expand) Evaluate error: No such file or directory
ALSA lib pcm.c:2722:(snd_pcm_open_noupdate) Unknown PCM default
Failed to initialize mixer: ALSA: Couldn't open audio device: No such file or directory{"phase":"load_complete","tick":0,"entities_alive":2,"to_destroy_flags":0,"queue_len":0,"mem_kb":14365.4,"load_ms":0}
{"phase":"staff_added","tick":0,"entities_alive":4,"to_destroy_flags":0,"queue_len":0,"mem_kb":14394.8}
{"phase":"warmup-with-patients","tick":0,"entities_alive":8,"to_destroy_flags":0,"queue_len":0,"mem_kb":18093.4,"tick_in_phase":100}
{"phase":"warmup-with-patients","tick":0,"entities_alive":12,"to_destroy_flags":0,"queue_len":0,"mem_kb":21711.9,"tick_in_phase":200}
{"phase":"warmup-with-patients","tick":0,"entities_alive":16,"to_destroy_flags":0,"queue_len":0,"mem_kb":25429.8,"tick_in_phase":300}
{"phase":"warmup-with-patients","tick":0,"entities_alive":20,"to_destroy_flags":0,"queue_len":0,"mem_kb":15509.3,"tick_in_phase":400}
{"phase":"warmup-with-patients","tick":0,"entities_alive":24,"to_destroy_flags":0,"queue_len":0,"mem_kb":19161.5,"tick_in_phase":500}
{"phase":"warmup-with-patients","tick":0,"entities_alive":28,"to_destroy_flags":0,"queue_len":0,"mem_kb":22846.4,"tick_in_phase":600}
{"phase":"warmup-with-patients","tick":0,"entities_alive":32,"to_destroy_flags":0,"queue_len":0,"mem_kb":26548.7,"tick_in_phase":700}
{"phase":"warmup-with-patients_complete","tick":0,"entities_alive":32,"to_destroy_flags":0,"queue_len":0,"mem_kb":26549.4}
{"phase":"save_complete","tick":0,"entities_alive":32,"to_destroy_flags":0,"queue_len":0,"mem_kb":16882.3}
{"phase":"load_save_complete","tick":0,"entities_alive":32,"to_destroy_flags":0,"queue_len":0,"mem_kb":23583.6}
{"phase":"skip_bug_repro_complete","tick":0,"entities_alive":34,"to_destroy_flags":0,"queue_len":0,"mem_kb":23700.2}
{"phase":"self_destroy_complete","tick":0,"entities_alive":34,"to_destroy_flags":0,"queue_len":0,"mem_kb":23810.9}
{"phase":"after-dummy-destroy","tick":0,"entities_alive":34,"to_destroy_flags":0,"queue_len":0,"mem_kb":27532.5,"tick_in_phase":100}
{"phase":"after-dummy-destroy","tick":0,"entities_alive":34,"to_destroy_flags":0,"queue_len":0,"mem_kb":31235.2,"tick_in_phase":200}
{"phase":"after-dummy-destroy_complete","tick":0,"entities_alive":34,"to_destroy_flags":0,"queue_len":0,"mem_kb":31235.9}
{"phase":"old-save-sim (nil queue)_complete","tick":0,"entities_alive":34,"to_destroy_flags":0,"queue_len":0,"mem_kb":33441.8}
{"phase":"all_passed","tick":0,"entities_alive":34,"to_destroy_flags":0,"queue_len":0,"mem_kb":33442.2}
